../Core/Src/main.c:71:6:delayus	16	static
../Core/Src/main.c:202:10:MAP	24	static
../Core/Src/main.c:215:5:main	40	static
../Core/Src/main.c:438:6:SystemClock_Config	88	static
../Core/Src/main.c:485:13:MX_ADC1_Init	24	static
../Core/Src/main.c:537:13:MX_I2C3_Init	8	static
../Core/Src/main.c:585:13:MX_TIM1_Init	32	static
../Core/Src/main.c:631:13:MX_TIM2_Init	64	static
../Core/Src/main.c:690:13:MX_USART1_UART_Init	8	static
../Core/Src/main.c:723:13:MX_GPIO_Init	64	static
../Core/Src/main.c:959:6:Error_Handler	4	static,ignoring_inline_asm
