../BSP/Src/mpu6050.c:83:9:mpu6050Init	40	static
../BSP/Src/mpu6050.c:134:6:mpu6050Deinit	32	static
../BSP/Src/mpu6050.c:147:6:gatherRawData	48	static
../BSP/Src/mpu6050.c:160:7:getXaccelerationRaw	4	static
../BSP/Src/mpu6050.c:164:7:getYaccelerationRaw	4	static
../BSP/Src/mpu6050.c:168:7:getZaccelerationRaw	4	static
../BSP/Src/mpu6050.c:172:7:getXgyroRaw	4	static
../BSP/Src/mpu6050.c:176:7:getYgyroRaw	4	static
../BSP/Src/mpu6050.c:180:7:getZgyroRaw	4	static
../BSP/Src/mpu6050.c:184:7:getTemperatureRaw	8	static
../BSP/Src/mpu6050.c:189:7:getTemperatureFIFO	40	static
../BSP/Src/mpu6050.c:214:7:getXaccelerationFIFO	24	static
../BSP/Src/mpu6050.c:229:7:getYaccelerationFIFO	32	static
../BSP/Src/mpu6050.c:255:7:getZaccelerationFIFO	40	static
../BSP/Src/mpu6050.c:280:7:getXgyroFIFO	40	static
../BSP/Src/mpu6050.c:305:7:getYgyroFIFO	40	static
../BSP/Src/mpu6050.c:330:7:getZgyroFIFO	48	static
../BSP/Src/mpu6050.c:356:6:enableTempFIFO	32	static
../BSP/Src/mpu6050.c:362:6:enableGyroFIFO	32	static
../BSP/Src/mpu6050.c:368:6:enableAccFIFO	32	static
../BSP/Src/mpu6050.c:376:6:enableTAGFIFO	32	static
../BSP/Src/mpu6050.c:382:6:disableFIFO	32	static
../BSP/Src/mpu6050.c:389:9:checkdataready	32	static
../BSP/Src/mpu6050.c:401:9:readFIFO	32	static
../BSP/Src/mpu6050.c:413:10:getFIFO_Count	32	static
../BSP/Src/mpu6050.c:419:9:imready	32	static
../BSP/Src/mpu6050.c:430:6:resetFIFO	32	static
../BSP/Src/mpu6050.c:445:6:getDivFac	16	static
