../BSP/Src/mpu6050.c:83:9:mpu6050Init	40	static
../BSP/Src/mpu6050.c:134:6:mpu6050Deinit	32	static
../BSP/Src/mpu6050.c:147:6:gatherRawData	40	static
../BSP/Src/mpu6050.c:159:7:getXaccelerationRaw	4	static
../BSP/Src/mpu6050.c:163:7:getYaccelerationRaw	4	static
../BSP/Src/mpu6050.c:167:7:getZaccelerationRaw	4	static
../BSP/Src/mpu6050.c:171:7:getXgyroRaw	4	static
../BSP/Src/mpu6050.c:175:7:getYgyroRaw	4	static
../BSP/Src/mpu6050.c:179:7:getZgyroRaw	4	static
../BSP/Src/mpu6050.c:183:7:getTemperatureRaw	8	static
../BSP/Src/mpu6050.c:188:7:getTemperatureFIFO	40	static
../BSP/Src/mpu6050.c:213:7:getXaccelerationFIFO	24	static
../BSP/Src/mpu6050.c:228:7:getYaccelerationFIFO	32	static
../BSP/Src/mpu6050.c:254:7:getZaccelerationFIFO	40	static
../BSP/Src/mpu6050.c:279:7:getXgyroFIFO	40	static
../BSP/Src/mpu6050.c:304:7:getYgyroFIFO	40	static
../BSP/Src/mpu6050.c:329:7:getZgyroFIFO	48	static
../BSP/Src/mpu6050.c:355:6:enableTempFIFO	32	static
../BSP/Src/mpu6050.c:361:6:enableGyroFIFO	32	static
../BSP/Src/mpu6050.c:367:6:enableAccFIFO	32	static
../BSP/Src/mpu6050.c:375:6:enableTAGFIFO	32	static
../BSP/Src/mpu6050.c:381:6:disableFIFO	32	static
../BSP/Src/mpu6050.c:388:9:checkdataready	32	static
../BSP/Src/mpu6050.c:400:9:readFIFO	32	static
../BSP/Src/mpu6050.c:412:10:getFIFO_Count	32	static
../BSP/Src/mpu6050.c:418:9:imready	32	static
../BSP/Src/mpu6050.c:429:6:resetFIFO	32	static
../BSP/Src/mpu6050.c:444:6:getDivFac	16	static
