14:14:11 **** Clean-only build of configuration Debug for project Development_and_Testing ****
make -j12 clean 
rm -rf ./Drivers/STM32F4xx_HAL_Driver/Src/stm32f4xx_hal.d ./Drivers/STM32F4xx_HAL_Driver/Src/stm32f4xx_hal.o ./Drivers/STM32F4xx_HAL_Driver/Src/stm32f4xx_hal.su ./Drivers/STM32F4xx_HAL_Driver/Src/stm32f4xx_hal_adc.d ./Drivers/STM32F4xx_HAL_Driver/Src/stm32f4xx_hal_adc.o ./Drivers/STM32F4xx_HAL_Driver/Src/stm32f4xx_hal_adc.su ./Drivers/STM32F4xx_HAL_Driver/Src/stm32f4xx_hal_adc_ex.d ./Drivers/STM32F4xx_HAL_Driver/Src/stm32f4xx_hal_adc_ex.o ./Drivers/STM32F4xx_HAL_Driver/Src/stm32f4xx_hal_adc_ex.su ./Drivers/STM32F4xx_HAL_Driver/Src/stm32f4xx_hal_cortex.d ./Drivers/STM32F4xx_HAL_Driver/Src/stm32f4xx_hal_cortex.o ./Drivers/STM32F4xx_HAL_Driver/Src/stm32f4xx_hal_cortex.su ./Drivers/STM32F4xx_HAL_Driver/Src/stm32f4xx_hal_dma.d ./Drivers/STM32F4xx_HAL_Driver/Src/stm32f4xx_hal_dma.o ./Drivers/STM32F4xx_HAL_Driver/Src/stm32f4xx_hal_dma.su ./Drivers/STM32F4xx_HAL_Driver/Src/stm32f4xx_hal_dma_ex.d ./Drivers/STM32F4xx_HAL_Driver/Src/stm32f4xx_hal_dma_ex.o ./Drivers/STM32F4xx_HAL_Driver/Src/stm32f4xx_hal_dma_ex.su ./Drivers/STM32F4xx_HAL_Driver/Src/stm32f4xx_hal_exti.d ./Drivers/STM32F4xx_HAL_Driver/Src/stm32f4xx_hal_exti.o ./Drivers/STM32F4xx_HAL_Driver/Src/stm32f4xx_hal_exti.su ./Drivers/STM32F4xx_HAL_Driver/Src/stm32f4xx_hal_flash.d ./Drivers/STM32F4xx_HAL_Driver/Src/stm32f4xx_hal_flash.o ./Drivers/STM32F4xx_HAL_Driver/Src/stm32f4xx_hal_flash.su ./Drivers/STM32F4xx_HAL_Driver/Src/stm32f4xx_hal_flash_ex.d ./Drivers/STM32F4xx_HAL_Driver/Src/stm32f4xx_hal_flash_ex.o ./Drivers/STM32F4xx_HAL_Driver/Src/stm32f4xx_hal_flash_ex.su ./Drivers/STM32F4xx_HAL_Driver/Src/stm32f4xx_hal_flash_ramfunc.d ./Drivers/STM32F4xx_HAL_Driver/Src/stm32f4xx_hal_flash_ramfunc.o ./Drivers/STM32F4xx_HAL_Driver/Src/stm32f4xx_hal_flash_ramfunc.su ./Drivers/STM32F4xx_HAL_Driver/Src/stm32f4xx_hal_gpio.d ./Drivers/STM32F4xx_HAL_Driver/Src/stm32f4xx_hal_gpio.o ./Drivers/STM32F4xx_HAL_Driver/Src/stm32f4xx_hal_gpio.su ./Drivers/STM32F4xx_HAL_Driver/Src/stm32f4xx_hal_pwr.d ./Drivers/STM32F4xx_HAL_Driver/Src/stm32f4xx_hal_pwr.o ./Drivers/STM32F4xx_HAL_Driver/Src/stm32f4xx_hal_pwr.su ./Drivers/STM32F4xx_HAL_Driver/Src/stm32f4xx_hal_pwr_ex.d ./Drivers/STM32F4xx_HAL_Driver/Src/stm32f4xx_hal_pwr_ex.o ./Drivers/STM32F4xx_HAL_Driver/Src/stm32f4xx_hal_pwr_ex.su ./Drivers/STM32F4xx_HAL_Driver/Src/stm32f4xx_hal_rcc.d ./Drivers/STM32F4xx_HAL_Driver/Src/stm32f4xx_hal_rcc.o ./Drivers/STM32F4xx_HAL_Driver/Src/stm32f4xx_hal_rcc.su ./Drivers/STM32F4xx_HAL_Driver/Src/stm32f4xx_hal_rcc_ex.d ./Drivers/STM32F4xx_HAL_Driver/Src/stm32f4xx_hal_rcc_ex.o ./Drivers/STM32F4xx_HAL_Driver/Src/stm32f4xx_hal_rcc_ex.su ./Drivers/STM32F4xx_HAL_Driver/Src/stm32f4xx_hal_tim.d ./Drivers/STM32F4xx_HAL_Driver/Src/stm32f4xx_hal_tim.o ./Drivers/STM32F4xx_HAL_Driver/Src/stm32f4xx_hal_tim.su ./Drivers/STM32F4xx_HAL_Driver/Src/stm32f4xx_hal_tim_ex.d ./Drivers/STM32F4xx_HAL_Driver/Src/stm32f4xx_hal_tim_ex.o ./Drivers/STM32F4xx_HAL_Driver/Src/stm32f4xx_hal_tim_ex.su ./Drivers/STM32F4xx_HAL_Driver/Src/stm32f4xx_ll_adc.d ./Drivers/STM32F4xx_HAL_Driver/Src/stm32f4xx_ll_adc.o ./Drivers/STM32F4xx_HAL_Driver/Src/stm32f4xx_ll_adc.su
rm -rf ./Core/Startup/startup_stm32f429zitx.d ./Core/Startup/startup_stm32f429zitx.o
rm -rf ./Core/Src/main.d ./Core/Src/main.o ./Core/Src/main.su ./Core/Src/stm32f4xx_hal_msp.d ./Core/Src/stm32f4xx_hal_msp.o ./Core/Src/stm32f4xx_hal_msp.su ./Core/Src/stm32f4xx_it.d ./Core/Src/stm32f4xx_it.o ./Core/Src/stm32f4xx_it.su ./Core/Src/syscalls.d ./Core/Src/syscalls.o ./Core/Src/syscalls.su ./Core/Src/sysmem.d ./Core/Src/sysmem.o ./Core/Src/sysmem.su ./Core/Src/system_stm32f4xx.d ./Core/Src/system_stm32f4xx.o ./Core/Src/system_stm32f4xx.su
rm -rf ./BSP/Src/Servo_Motor.d ./BSP/Src/Servo_Motor.o ./BSP/Src/Servo_Motor.su
rm -rf Development_and_Testing.elf Development_and_Testing.list Development_and_Testing.map default.size.stdout
 
14:14:18 **** Build of configuration Debug for project Development_and_Testing ****
make -j12 all 
arm-none-eabi-gcc "../Drivers/STM32F4xx_HAL_Driver/Src/stm32f4xx_hal.c" -mcpu=cortex-m4 -std=gnu11 -g3 -DDEBUG -DUSE_HAL_DRIVER -DSTM32F429xx -c -I../Core/Inc -I"C:/Users/pc/Documents/GitHub/BSP-Libraries/Development_and_Testing/BSP/Inc" -I../Drivers/STM32F4xx_HAL_Driver/Inc -I../Drivers/STM32F4xx_HAL_Driver/Inc/Legacy -I../Drivers/CMSIS/Device/ST/STM32F4xx/Include -I../Drivers/CMSIS/Include -O0 -ffunction-sections -fdata-sections -Wall -fstack-usage -MMD -MP -MF"Drivers/STM32F4xx_HAL_Driver/Src/stm32f4xx_hal.d" -MT"Drivers/STM32F4xx_HAL_Driver/Src/stm32f4xx_hal.o" --specs=nano.specs -mfpu=fpv4-sp-d16 -mfloat-abi=hard -mthumb -o "Drivers/STM32F4xx_HAL_Driver/Src/stm32f4xx_hal.o"
arm-none-eabi-gcc "../Drivers/STM32F4xx_HAL_Driver/Src/stm32f4xx_hal_adc.c" -mcpu=cortex-m4 -std=gnu11 -g3 -DDEBUG -DUSE_HAL_DRIVER -DSTM32F429xx -c -I../Core/Inc -I"C:/Users/pc/Documents/GitHub/BSP-Libraries/Development_and_Testing/BSP/Inc" -I../Drivers/STM32F4xx_HAL_Driver/Inc -I../Drivers/STM32F4xx_HAL_Driver/Inc/Legacy -I../Drivers/CMSIS/Device/ST/STM32F4xx/Include -I../Drivers/CMSIS/Include -O0 -ffunction-sections -fdata-sections -Wall -fstack-usage -MMD -MP -MF"Drivers/STM32F4xx_HAL_Driver/Src/stm32f4xx_hal_adc.d" -MT"Drivers/STM32F4xx_HAL_Driver/Src/stm32f4xx_hal_adc.o" --specs=nano.specs -mfpu=fpv4-sp-d16 -mfloat-abi=hard -mthumb -o "Drivers/STM32F4xx_HAL_Driver/Src/stm32f4xx_hal_adc.o"
arm-none-eabi-gcc "../Drivers/STM32F4xx_HAL_Driver/Src/stm32f4xx_hal_adc_ex.c" -mcpu=cortex-m4 -std=gnu11 -g3 -DDEBUG -DUSE_HAL_DRIVER -DSTM32F429xx -c -I../Core/Inc -I"C:/Users/pc/Documents/GitHub/BSP-Libraries/Development_and_Testing/BSP/Inc" -I../Drivers/STM32F4xx_HAL_Driver/Inc -I../Drivers/STM32F4xx_HAL_Driver/Inc/Legacy -I../Drivers/CMSIS/Device/ST/STM32F4xx/Include -I../Drivers/CMSIS/Include -O0 -ffunction-sections -fdata-sections -Wall -fstack-usage -MMD -MP -MF"Drivers/STM32F4xx_HAL_Driver/Src/stm32f4xx_hal_adc_ex.d" -MT"Drivers/STM32F4xx_HAL_Driver/Src/stm32f4xx_hal_adc_ex.o" --specs=nano.specs -mfpu=fpv4-sp-d16 -mfloat-abi=hard -mthumb -o "Drivers/STM32F4xx_HAL_Driver/Src/stm32f4xx_hal_adc_ex.o"
arm-none-eabi-gcc "../Drivers/STM32F4xx_HAL_Driver/Src/stm32f4xx_hal_cortex.c" -mcpu=cortex-m4 -std=gnu11 -g3 -DDEBUG -DUSE_HAL_DRIVER -DSTM32F429xx -c -I../Core/Inc -I"C:/Users/pc/Documents/GitHub/BSP-Libraries/Development_and_Testing/BSP/Inc" -I../Drivers/STM32F4xx_HAL_Driver/Inc -I../Drivers/STM32F4xx_HAL_Driver/Inc/Legacy -I../Drivers/CMSIS/Device/ST/STM32F4xx/Include -I../Drivers/CMSIS/Include -O0 -ffunction-sections -fdata-sections -Wall -fstack-usage -MMD -MP -MF"Drivers/STM32F4xx_HAL_Driver/Src/stm32f4xx_hal_cortex.d" -MT"Drivers/STM32F4xx_HAL_Driver/Src/stm32f4xx_hal_cortex.o" --specs=nano.specs -mfpu=fpv4-sp-d16 -mfloat-abi=hard -mthumb -o "Drivers/STM32F4xx_HAL_Driver/Src/stm32f4xx_hal_cortex.o"
arm-none-eabi-gcc "../Drivers/STM32F4xx_HAL_Driver/Src/stm32f4xx_hal_dma.c" -mcpu=cortex-m4 -std=gnu11 -g3 -DDEBUG -DUSE_HAL_DRIVER -DSTM32F429xx -c -I../Core/Inc -I"C:/Users/pc/Documents/GitHub/BSP-Libraries/Development_and_Testing/BSP/Inc" -I../Drivers/STM32F4xx_HAL_Driver/Inc -I../Drivers/STM32F4xx_HAL_Driver/Inc/Legacy -I../Drivers/CMSIS/Device/ST/STM32F4xx/Include -I../Drivers/CMSIS/Include -O0 -ffunction-sections -fdata-sections -Wall -fstack-usage -MMD -MP -MF"Drivers/STM32F4xx_HAL_Driver/Src/stm32f4xx_hal_dma.d" -MT"Drivers/STM32F4xx_HAL_Driver/Src/stm32f4xx_hal_dma.o" --specs=nano.specs -mfpu=fpv4-sp-d16 -mfloat-abi=hard -mthumb -o "Drivers/STM32F4xx_HAL_Driver/Src/stm32f4xx_hal_dma.o"
arm-none-eabi-gcc "../Drivers/STM32F4xx_HAL_Driver/Src/stm32f4xx_hal_dma_ex.c" -mcpu=cortex-m4 -std=gnu11 -g3 -DDEBUG -DUSE_HAL_DRIVER -DSTM32F429xx -c -I../Core/Inc -I"C:/Users/pc/Documents/GitHub/BSP-Libraries/Development_and_Testing/BSP/Inc" -I../Drivers/STM32F4xx_HAL_Driver/Inc -I../Drivers/STM32F4xx_HAL_Driver/Inc/Legacy -I../Drivers/CMSIS/Device/ST/STM32F4xx/Include -I../Drivers/CMSIS/Include -O0 -ffunction-sections -fdata-sections -Wall -fstack-usage -MMD -MP -MF"Drivers/STM32F4xx_HAL_Driver/Src/stm32f4xx_hal_dma_ex.d" -MT"Drivers/STM32F4xx_HAL_Driver/Src/stm32f4xx_hal_dma_ex.o" --specs=nano.specs -mfpu=fpv4-sp-d16 -mfloat-abi=hard -mthumb -o "Drivers/STM32F4xx_HAL_Driver/Src/stm32f4xx_hal_dma_ex.o"
arm-none-eabi-gcc "../Drivers/STM32F4xx_HAL_Driver/Src/stm32f4xx_hal_exti.c" -mcpu=cortex-m4 -std=gnu11 -g3 -DDEBUG -DUSE_HAL_DRIVER -DSTM32F429xx -c -I../Core/Inc -I"C:/Users/pc/Documents/GitHub/BSP-Libraries/Development_and_Testing/BSP/Inc" -I../Drivers/STM32F4xx_HAL_Driver/Inc -I../Drivers/STM32F4xx_HAL_Driver/Inc/Legacy -I../Drivers/CMSIS/Device/ST/STM32F4xx/Include -I../Drivers/CMSIS/Include -O0 -ffunction-sections -fdata-sections -Wall -fstack-usage -MMD -MP -MF"Drivers/STM32F4xx_HAL_Driver/Src/stm32f4xx_hal_exti.d" -MT"Drivers/STM32F4xx_HAL_Driver/Src/stm32f4xx_hal_exti.o" --specs=nano.specs -mfpu=fpv4-sp-d16 -mfloat-abi=hard -mthumb -o "Drivers/STM32F4xx_HAL_Driver/Src/stm32f4xx_hal_exti.o"
arm-none-eabi-gcc "../Drivers/STM32F4xx_HAL_Driver/Src/stm32f4xx_hal_flash.c" -mcpu=cortex-m4 -std=gnu11 -g3 -DDEBUG -DUSE_HAL_DRIVER -DSTM32F429xx -c -I../Core/Inc -I"C:/Users/pc/Documents/GitHub/BSP-Libraries/Development_and_Testing/BSP/Inc" -I../Drivers/STM32F4xx_HAL_Driver/Inc -I../Drivers/STM32F4xx_HAL_Driver/Inc/Legacy -I../Drivers/CMSIS/Device/ST/STM32F4xx/Include -I../Drivers/CMSIS/Include -O0 -ffunction-sections -fdata-sections -Wall -fstack-usage -MMD -MP -MF"Drivers/STM32F4xx_HAL_Driver/Src/stm32f4xx_hal_flash.d" -MT"Drivers/STM32F4xx_HAL_Driver/Src/stm32f4xx_hal_flash.o" --specs=nano.specs -mfpu=fpv4-sp-d16 -mfloat-abi=hard -mthumb -o "Drivers/STM32F4xx_HAL_Driver/Src/stm32f4xx_hal_flash.o"
arm-none-eabi-gcc "../Drivers/STM32F4xx_HAL_Driver/Src/stm32f4xx_hal_flash_ex.c" -mcpu=cortex-m4 -std=gnu11 -g3 -DDEBUG -DUSE_HAL_DRIVER -DSTM32F429xx -c -I../Core/Inc -I"C:/Users/pc/Documents/GitHub/BSP-Libraries/Development_and_Testing/BSP/Inc" -I../Drivers/STM32F4xx_HAL_Driver/Inc -I../Drivers/STM32F4xx_HAL_Driver/Inc/Legacy -I../Drivers/CMSIS/Device/ST/STM32F4xx/Include -I../Drivers/CMSIS/Include -O0 -ffunction-sections -fdata-sections -Wall -fstack-usage -MMD -MP -MF"Drivers/STM32F4xx_HAL_Driver/Src/stm32f4xx_hal_flash_ex.d" -MT"Drivers/STM32F4xx_HAL_Driver/Src/stm32f4xx_hal_flash_ex.o" --specs=nano.specs -mfpu=fpv4-sp-d16 -mfloat-abi=hard -mthumb -o "Drivers/STM32F4xx_HAL_Driver/Src/stm32f4xx_hal_flash_ex.o"
arm-none-eabi-gcc "../Drivers/STM32F4xx_HAL_Driver/Src/stm32f4xx_hal_flash_ramfunc.c" -mcpu=cortex-m4 -std=gnu11 -g3 -DDEBUG -DUSE_HAL_DRIVER -DSTM32F429xx -c -I../Core/Inc -I"C:/Users/pc/Documents/GitHub/BSP-Libraries/Development_and_Testing/BSP/Inc" -I../Drivers/STM32F4xx_HAL_Driver/Inc -I../Drivers/STM32F4xx_HAL_Driver/Inc/Legacy -I../Drivers/CMSIS/Device/ST/STM32F4xx/Include -I../Drivers/CMSIS/Include -O0 -ffunction-sections -fdata-sections -Wall -fstack-usage -MMD -MP -MF"Drivers/STM32F4xx_HAL_Driver/Src/stm32f4xx_hal_flash_ramfunc.d" -MT"Drivers/STM32F4xx_HAL_Driver/Src/stm32f4xx_hal_flash_ramfunc.o" --specs=nano.specs -mfpu=fpv4-sp-d16 -mfloat-abi=hard -mthumb -o "Drivers/STM32F4xx_HAL_Driver/Src/stm32f4xx_hal_flash_ramfunc.o"
arm-none-eabi-gcc "../Drivers/STM32F4xx_HAL_Driver/Src/stm32f4xx_hal_gpio.c" -mcpu=cortex-m4 -std=gnu11 -g3 -DDEBUG -DUSE_HAL_DRIVER -DSTM32F429xx -c -I../Core/Inc -I"C:/Users/pc/Documents/GitHub/BSP-Libraries/Development_and_Testing/BSP/Inc" -I../Drivers/STM32F4xx_HAL_Driver/Inc -I../Drivers/STM32F4xx_HAL_Driver/Inc/Legacy -I../Drivers/CMSIS/Device/ST/STM32F4xx/Include -I../Drivers/CMSIS/Include -O0 -ffunction-sections -fdata-sections -Wall -fstack-usage -MMD -MP -MF"Drivers/STM32F4xx_HAL_Driver/Src/stm32f4xx_hal_gpio.d" -MT"Drivers/STM32F4xx_HAL_Driver/Src/stm32f4xx_hal_gpio.o" --specs=nano.specs -mfpu=fpv4-sp-d16 -mfloat-abi=hard -mthumb -o "Drivers/STM32F4xx_HAL_Driver/Src/stm32f4xx_hal_gpio.o"
arm-none-eabi-gcc "../Drivers/STM32F4xx_HAL_Driver/Src/stm32f4xx_hal_pwr.c" -mcpu=cortex-m4 -std=gnu11 -g3 -DDEBUG -DUSE_HAL_DRIVER -DSTM32F429xx -c -I../Core/Inc -I"C:/Users/pc/Documents/GitHub/BSP-Libraries/Development_and_Testing/BSP/Inc" -I../Drivers/STM32F4xx_HAL_Driver/Inc -I../Drivers/STM32F4xx_HAL_Driver/Inc/Legacy -I../Drivers/CMSIS/Device/ST/STM32F4xx/Include -I../Drivers/CMSIS/Include -O0 -ffunction-sections -fdata-sections -Wall -fstack-usage -MMD -MP -MF"Drivers/STM32F4xx_HAL_Driver/Src/stm32f4xx_hal_pwr.d" -MT"Drivers/STM32F4xx_HAL_Driver/Src/stm32f4xx_hal_pwr.o" --specs=nano.specs -mfpu=fpv4-sp-d16 -mfloat-abi=hard -mthumb -o "Drivers/STM32F4xx_HAL_Driver/Src/stm32f4xx_hal_pwr.o"
arm-none-eabi-gcc "../Drivers/STM32F4xx_HAL_Driver/Src/stm32f4xx_hal_pwr_ex.c" -mcpu=cortex-m4 -std=gnu11 -g3 -DDEBUG -DUSE_HAL_DRIVER -DSTM32F429xx -c -I../Core/Inc -I"C:/Users/pc/Documents/GitHub/BSP-Libraries/Development_and_Testing/BSP/Inc" -I../Drivers/STM32F4xx_HAL_Driver/Inc -I../Drivers/STM32F4xx_HAL_Driver/Inc/Legacy -I../Drivers/CMSIS/Device/ST/STM32F4xx/Include -I../Drivers/CMSIS/Include -O0 -ffunction-sections -fdata-sections -Wall -fstack-usage -MMD -MP -MF"Drivers/STM32F4xx_HAL_Driver/Src/stm32f4xx_hal_pwr_ex.d" -MT"Drivers/STM32F4xx_HAL_Driver/Src/stm32f4xx_hal_pwr_ex.o" --specs=nano.specs -mfpu=fpv4-sp-d16 -mfloat-abi=hard -mthumb -o "Drivers/STM32F4xx_HAL_Driver/Src/stm32f4xx_hal_pwr_ex.o"
arm-none-eabi-gcc "../Drivers/STM32F4xx_HAL_Driver/Src/stm32f4xx_hal_rcc.c" -mcpu=cortex-m4 -std=gnu11 -g3 -DDEBUG -DUSE_HAL_DRIVER -DSTM32F429xx -c -I../Core/Inc -I"C:/Users/pc/Documents/GitHub/BSP-Libraries/Development_and_Testing/BSP/Inc" -I../Drivers/STM32F4xx_HAL_Driver/Inc -I../Drivers/STM32F4xx_HAL_Driver/Inc/Legacy -I../Drivers/CMSIS/Device/ST/STM32F4xx/Include -I../Drivers/CMSIS/Include -O0 -ffunction-sections -fdata-sections -Wall -fstack-usage -MMD -MP -MF"Drivers/STM32F4xx_HAL_Driver/Src/stm32f4xx_hal_rcc.d" -MT"Drivers/STM32F4xx_HAL_Driver/Src/stm32f4xx_hal_rcc.o" --specs=nano.specs -mfpu=fpv4-sp-d16 -mfloat-abi=hard -mthumb -o "Drivers/STM32F4xx_HAL_Driver/Src/stm32f4xx_hal_rcc.o"
arm-none-eabi-gcc "../Drivers/STM32F4xx_HAL_Driver/Src/stm32f4xx_hal_rcc_ex.c" -mcpu=cortex-m4 -std=gnu11 -g3 -DDEBUG -DUSE_HAL_DRIVER -DSTM32F429xx -c -I../Core/Inc -I"C:/Users/pc/Documents/GitHub/BSP-Libraries/Development_and_Testing/BSP/Inc" -I../Drivers/STM32F4xx_HAL_Driver/Inc -I../Drivers/STM32F4xx_HAL_Driver/Inc/Legacy -I../Drivers/CMSIS/Device/ST/STM32F4xx/Include -I../Drivers/CMSIS/Include -O0 -ffunction-sections -fdata-sections -Wall -fstack-usage -MMD -MP -MF"Drivers/STM32F4xx_HAL_Driver/Src/stm32f4xx_hal_rcc_ex.d" -MT"Drivers/STM32F4xx_HAL_Driver/Src/stm32f4xx_hal_rcc_ex.o" --specs=nano.specs -mfpu=fpv4-sp-d16 -mfloat-abi=hard -mthumb -o "Drivers/STM32F4xx_HAL_Driver/Src/stm32f4xx_hal_rcc_ex.o"
arm-none-eabi-gcc "../Drivers/STM32F4xx_HAL_Driver/Src/stm32f4xx_hal_tim.c" -mcpu=cortex-m4 -std=gnu11 -g3 -DDEBUG -DUSE_HAL_DRIVER -DSTM32F429xx -c -I../Core/Inc -I"C:/Users/pc/Documents/GitHub/BSP-Libraries/Development_and_Testing/BSP/Inc" -I../Drivers/STM32F4xx_HAL_Driver/Inc -I../Drivers/STM32F4xx_HAL_Driver/Inc/Legacy -I../Drivers/CMSIS/Device/ST/STM32F4xx/Include -I../Drivers/CMSIS/Include -O0 -ffunction-sections -fdata-sections -Wall -fstack-usage -MMD -MP -MF"Drivers/STM32F4xx_HAL_Driver/Src/stm32f4xx_hal_tim.d" -MT"Drivers/STM32F4xx_HAL_Driver/Src/stm32f4xx_hal_tim.o" --specs=nano.specs -mfpu=fpv4-sp-d16 -mfloat-abi=hard -mthumb -o "Drivers/STM32F4xx_HAL_Driver/Src/stm32f4xx_hal_tim.o"
arm-none-eabi-gcc "../Drivers/STM32F4xx_HAL_Driver/Src/stm32f4xx_hal_tim_ex.c" -mcpu=cortex-m4 -std=gnu11 -g3 -DDEBUG -DUSE_HAL_DRIVER -DSTM32F429xx -c -I../Core/Inc -I"C:/Users/pc/Documents/GitHub/BSP-Libraries/Development_and_Testing/BSP/Inc" -I../Drivers/STM32F4xx_HAL_Driver/Inc -I../Drivers/STM32F4xx_HAL_Driver/Inc/Legacy -I../Drivers/CMSIS/Device/ST/STM32F4xx/Include -I../Drivers/CMSIS/Include -O0 -ffunction-sections -fdata-sections -Wall -fstack-usage -MMD -MP -MF"Drivers/STM32F4xx_HAL_Driver/Src/stm32f4xx_hal_tim_ex.d" -MT"Drivers/STM32F4xx_HAL_Driver/Src/stm32f4xx_hal_tim_ex.o" --specs=nano.specs -mfpu=fpv4-sp-d16 -mfloat-abi=hard -mthumb -o "Drivers/STM32F4xx_HAL_Driver/Src/stm32f4xx_hal_tim_ex.o"
arm-none-eabi-gcc "../Drivers/STM32F4xx_HAL_Driver/Src/stm32f4xx_ll_adc.c" -mcpu=cortex-m4 -std=gnu11 -g3 -DDEBUG -DUSE_HAL_DRIVER -DSTM32F429xx -c -I../Core/Inc -I"C:/Users/pc/Documents/GitHub/BSP-Libraries/Development_and_Testing/BSP/Inc" -I../Drivers/STM32F4xx_HAL_Driver/Inc -I../Drivers/STM32F4xx_HAL_Driver/Inc/Legacy -I../Drivers/CMSIS/Device/ST/STM32F4xx/Include -I../Drivers/CMSIS/Include -O0 -ffunction-sections -fdata-sections -Wall -fstack-usage -MMD -MP -MF"Drivers/STM32F4xx_HAL_Driver/Src/stm32f4xx_ll_adc.d" -MT"Drivers/STM32F4xx_HAL_Driver/Src/stm32f4xx_ll_adc.o" --specs=nano.specs -mfpu=fpv4-sp-d16 -mfloat-abi=hard -mthumb -o "Drivers/STM32F4xx_HAL_Driver/Src/stm32f4xx_ll_adc.o"
arm-none-eabi-gcc -mcpu=cortex-m4 -g3 -DDEBUG -c -x assembler-with-cpp -MMD -MP -MF"Core/Startup/startup_stm32f429zitx.d" -MT"Core/Startup/startup_stm32f429zitx.o" --specs=nano.specs -mfpu=fpv4-sp-d16 -mfloat-abi=hard -mthumb -o "Core/Startup/startup_stm32f429zitx.o" "../Core/Startup/startup_stm32f429zitx.s"
arm-none-eabi-gcc "../Core/Src/main.c" -mcpu=cortex-m4 -std=gnu11 -g3 -DDEBUG -DUSE_HAL_DRIVER -DSTM32F429xx -c -I../Core/Inc -I"C:/Users/pc/Documents/GitHub/BSP-Libraries/Development_and_Testing/BSP/Inc" -I../Drivers/STM32F4xx_HAL_Driver/Inc -I../Drivers/STM32F4xx_HAL_Driver/Inc/Legacy -I../Drivers/CMSIS/Device/ST/STM32F4xx/Include -I../Drivers/CMSIS/Include -O0 -ffunction-sections -fdata-sections -Wall -fstack-usage -MMD -MP -MF"Core/Src/main.d" -MT"Core/Src/main.o" --specs=nano.specs -mfpu=fpv4-sp-d16 -mfloat-abi=hard -mthumb -o "Core/Src/main.o"
arm-none-eabi-gcc "../Core/Src/stm32f4xx_hal_msp.c" -mcpu=cortex-m4 -std=gnu11 -g3 -DDEBUG -DUSE_HAL_DRIVER -DSTM32F429xx -c -I../Core/Inc -I"C:/Users/pc/Documents/GitHub/BSP-Libraries/Development_and_Testing/BSP/Inc" -I../Drivers/STM32F4xx_HAL_Driver/Inc -I../Drivers/STM32F4xx_HAL_Driver/Inc/Legacy -I../Drivers/CMSIS/Device/ST/STM32F4xx/Include -I../Drivers/CMSIS/Include -O0 -ffunction-sections -fdata-sections -Wall -fstack-usage -MMD -MP -MF"Core/Src/stm32f4xx_hal_msp.d" -MT"Core/Src/stm32f4xx_hal_msp.o" --specs=nano.specs -mfpu=fpv4-sp-d16 -mfloat-abi=hard -mthumb -o "Core/Src/stm32f4xx_hal_msp.o"
arm-none-eabi-gcc "../Core/Src/stm32f4xx_it.c" -mcpu=cortex-m4 -std=gnu11 -g3 -DDEBUG -DUSE_HAL_DRIVER -DSTM32F429xx -c -I../Core/Inc -I"C:/Users/pc/Documents/GitHub/BSP-Libraries/Development_and_Testing/BSP/Inc" -I../Drivers/STM32F4xx_HAL_Driver/Inc -I../Drivers/STM32F4xx_HAL_Driver/Inc/Legacy -I../Drivers/CMSIS/Device/ST/STM32F4xx/Include -I../Drivers/CMSIS/Include -O0 -ffunction-sections -fdata-sections -Wall -fstack-usage -MMD -MP -MF"Core/Src/stm32f4xx_it.d" -MT"Core/Src/stm32f4xx_it.o" --specs=nano.specs -mfpu=fpv4-sp-d16 -mfloat-abi=hard -mthumb -o "Core/Src/stm32f4xx_it.o"
arm-none-eabi-gcc "../Core/Src/syscalls.c" -mcpu=cortex-m4 -std=gnu11 -g3 -DDEBUG -DUSE_HAL_DRIVER -DSTM32F429xx -c -I../Core/Inc -I"C:/Users/pc/Documents/GitHub/BSP-Libraries/Development_and_Testing/BSP/Inc" -I../Drivers/STM32F4xx_HAL_Driver/Inc -I../Drivers/STM32F4xx_HAL_Driver/Inc/Legacy -I../Drivers/CMSIS/Device/ST/STM32F4xx/Include -I../Drivers/CMSIS/Include -O0 -ffunction-sections -fdata-sections -Wall -fstack-usage -MMD -MP -MF"Core/Src/syscalls.d" -MT"Core/Src/syscalls.o" --specs=nano.specs -mfpu=fpv4-sp-d16 -mfloat-abi=hard -mthumb -o "Core/Src/syscalls.o"
arm-none-eabi-gcc "../Core/Src/sysmem.c" -mcpu=cortex-m4 -std=gnu11 -g3 -DDEBUG -DUSE_HAL_DRIVER -DSTM32F429xx -c -I../Core/Inc -I"C:/Users/pc/Documents/GitHub/BSP-Libraries/Development_and_Testing/BSP/Inc" -I../Drivers/STM32F4xx_HAL_Driver/Inc -I../Drivers/STM32F4xx_HAL_Driver/Inc/Legacy -I../Drivers/CMSIS/Device/ST/STM32F4xx/Include -I../Drivers/CMSIS/Include -O0 -ffunction-sections -fdata-sections -Wall -fstack-usage -MMD -MP -MF"Core/Src/sysmem.d" -MT"Core/Src/sysmem.o" --specs=nano.specs -mfpu=fpv4-sp-d16 -mfloat-abi=hard -mthumb -o "Core/Src/sysmem.o"
arm-none-eabi-gcc "../Core/Src/system_stm32f4xx.c" -mcpu=cortex-m4 -std=gnu11 -g3 -DDEBUG -DUSE_HAL_DRIVER -DSTM32F429xx -c -I../Core/Inc -I"C:/Users/pc/Documents/GitHub/BSP-Libraries/Development_and_Testing/BSP/Inc" -I../Drivers/STM32F4xx_HAL_Driver/Inc -I../Drivers/STM32F4xx_HAL_Driver/Inc/Legacy -I../Drivers/CMSIS/Device/ST/STM32F4xx/Include -I../Drivers/CMSIS/Include -O0 -ffunction-sections -fdata-sections -Wall -fstack-usage -MMD -MP -MF"Core/Src/system_stm32f4xx.d" -MT"Core/Src/system_stm32f4xx.o" --specs=nano.specs -mfpu=fpv4-sp-d16 -mfloat-abi=hard -mthumb -o "Core/Src/system_stm32f4xx.o"
arm-none-eabi-gcc "../BSP/Src/Servo_Motor.c" -mcpu=cortex-m4 -std=gnu11 -g3 -DDEBUG -DUSE_HAL_DRIVER -DSTM32F429xx -c -I../Core/Inc -I"C:/Users/pc/Documents/GitHub/BSP-Libraries/Development_and_Testing/BSP/Inc" -I../Drivers/STM32F4xx_HAL_Driver/Inc -I../Drivers/STM32F4xx_HAL_Driver/Inc/Legacy -I../Drivers/CMSIS/Device/ST/STM32F4xx/Include -I../Drivers/CMSIS/Include -O0 -ffunction-sections -fdata-sections -Wall -fstack-usage -MMD -MP -MF"BSP/Src/Servo_Motor.d" -MT"BSP/Src/Servo_Motor.o" --specs=nano.specs -mfpu=fpv4-sp-d16 -mfloat-abi=hard -mthumb -o "BSP/Src/Servo_Motor.o"
arm-none-eabi-gcc -o "Development_and_Testing.elf" @"objects.list"   -mcpu=cortex-m4 -T"C:\Users\pc\Documents\GitHub\BSP-Libraries\Development_and_Testing\STM32F429ZITX_FLASH.ld" --specs=nosys.specs -Wl,-Map="Development_and_Testing.map" -Wl,--gc-sections -static --specs=nano.specs -mfpu=fpv4-sp-d16 -mfloat-abi=hard -mthumb -Wl,--start-group -lc -lm -Wl,--end-group
Finished building target: Development_and_Testing.elf
 
arm-none-eabi-size   Development_and_Testing.elf 
arm-none-eabi-objdump -h -S  Development_and_Testing.elf  > "Development_and_Testing.list"
   text	   data	    bss	    dec	    hex	filename
  13432	     20	   1716	  15168	   3b40	Development_and_Testing.elf
Finished building: default.size.stdout
 
Finished building: Development_and_Testing.list
 
14:14:24 **** Incremental Build of configuration Debug for project Development_and_Testing ****
make -j12 all 
arm-none-eabi-size   Development_and_Testing.elf 
   text	   data	    bss	    dec	    hex	filename
  13432	     20	   1716	  15168	   3b40	Development_and_Testing.elf
Finished building: default.size.stdout
 
16:32:04 **** Cleaning Selected Files of configuration Debug for project Development_and_Testing ****
Info: Internal Builder is used for build
Debug/BSP/Src/Servo_Motor.o deleted.
Debug/BSP/Src/Servo_Motor.su deleted.
16:32:07 **** Building Selected Files of configuration Debug for project Development_and_Testing ****
Info: Internal Builder is used for build
arm-none-eabi-gcc "..\\BSP\\Src\\Servo_Motor.c" -mcpu=cortex-m4 -std=gnu11 -g3 -DDEBUG -DUSE_HAL_DRIVER -DSTM32F429xx -c -I../Core/Inc "-IC:\\Users\\pc\\Documents\\GitHub\\BSP-Libraries\\Development_and_Testing\\BSP\\Inc" -I../Drivers/STM32F4xx_HAL_Driver/Inc -I../Drivers/STM32F4xx_HAL_Driver/Inc/Legacy -I../Drivers/CMSIS/Device/ST/STM32F4xx/Include -I../Drivers/CMSIS/Include -O0 -ffunction-sections -fdata-sections -Wall -fstack-usage --specs=nano.specs -mfpu=fpv4-sp-d16 -mfloat-abi=hard -mthumb -o "BSP\\Src\\Servo_Motor.o" 
18:35:28 **** Cleaning Selected Files of configuration Debug for project Development_and_Testing ****
Info: Internal Builder is used for build
Nothing to clean.
18:35:35 **** Cleaning Selected Files of configuration Debug for project Development_and_Testing ****
Info: Internal Builder is used for build
Nothing to clean.
18:35:38 **** Cleaning Selected Files of configuration Debug for project Development_and_Testing ****
Info: Internal Builder is used for build
Nothing to clean.
18:35:43 **** Cleaning Selected Files of configuration Debug for project Development_and_Testing ****
Info: Internal Builder is used for build
Nothing to clean.
18:35:46 **** Building Selected Files of configuration Debug for project Development_and_Testing ****
Info: Internal Builder is used for build
arm-none-eabi-gcc "..\\BSP\\Src\\DTH11.c" -mcpu=cortex-m4 -std=gnu11 -g3 -DDEBUG -DUSE_HAL_DRIVER -DSTM32F429xx -c -I../Core/Inc "-IC:\\Users\\pc\\Documents\\GitHub\\BSP-Libraries\\Development_and_Testing\\BSP\\Inc" -I../Drivers/STM32F4xx_HAL_Driver/Inc -I../Drivers/STM32F4xx_HAL_Driver/Inc/Legacy -I../Drivers/CMSIS/Device/ST/STM32F4xx/Include -I../Drivers/CMSIS/Include -O0 -ffunction-sections -fdata-sections -Wall -fstack-usage --specs=nano.specs -mfpu=fpv4-sp-d16 -mfloat-abi=hard -mthumb -o "BSP\\Src\\DTH11.o" 
In file included from ..\BSP\Src\DTH11.c:9:
C:\Users\pc\Documents\GitHub\BSP-Libraries\Development_and_Testing\BSP\Inc/DTH11.h:21:1: error: multiple storage classes in declaration specifiers
   21 | static typedef struct{
      | ^~~~~~
C:\Users\pc\Documents\GitHub\BSP-Libraries\Development_and_Testing\BSP\Inc/DTH11.h:31:1: error: unknown type name 'dht11_private_t'
   31 | dht11_private_t dht11_data;
      | ^~~~~~~~~~~~~~~
..\BSP\Src\DTH11.c:17:8: warning: type defaults to 'int' in declaration of 'SetPin_as_Output' [-Wimplicit-int]
   17 | static SetPin_as_Output(dht11_typedef_t* dht11);//Private function
      |        ^~~~~~~~~~~~~~~~
..\BSP\Src\DTH11.c:18:8: warning: type defaults to 'int' in declaration of 'SetPin_as_Input' [-Wimplicit-int]
   18 | static SetPin_as_Input(dht11_typedef_t* dht11); //Private Functions
      |        ^~~~~~~~~~~~~~~
..\BSP\Src\DTH11.c:19:8: warning: type defaults to 'int' in declaration of 'gather_data' [-Wimplicit-int]
   19 | static gather_data(void);      //private Function
      |        ^~~~~~~~~~~
..\BSP\Src\DTH11.c: In function 'dht11_Init':
..\BSP\Src\DTH11.c:26:9: warning: comparison between pointer and integer
   26 |  if(gpio==GPIOA){
      |         ^~
..\BSP\Src\DTH11.c:29:14: warning: comparison between pointer and integer
   29 |  else if(gpio==GPIOB){
      |              ^~
..\BSP\Src\DTH11.c:32:14: warning: comparison between pointer and integer
   32 |  else if(gpio==GPIOC){
      |              ^~
..\BSP\Src\DTH11.c:35:14: warning: comparison between pointer and integer
   35 |  else if(gpio==GPIOD){
      |              ^~
..\BSP\Src\DTH11.c:38:14: warning: comparison between pointer and integer
   38 |  else if(gpio==GPIOE){
      |              ^~
..\BSP\Src\DTH11.c:41:14: warning: comparison between pointer and integer
   41 |  else if(gpio==GPIOF){
      |              ^~
..\BSP\Src\DTH11.c:44:14: warning: comparison between pointer and integer
   44 |  else if(gpio==GPIOG){
      |              ^~
..\BSP\Src\DTH11.c:47:14: warning: comparison between pointer and integer
   47 |  else if(gpio==GPIOH){
      |              ^~
..\BSP\Src\DTH11.c:50:14: warning: comparison between pointer and integer
   50 |  else if(gpio==GPIOI){
      |              ^~
..\BSP\Src\DTH11.c:53:14: warning: comparison between pointer and integer
   53 |  else if(gpio==GPIOJ){
      |              ^~
..\BSP\Src\DTH11.c:56:14: warning: comparison between pointer and integer
   56 |  else if(gpio==GPIOK){
      |              ^~
..\BSP\Src\DTH11.c: In function 'dht11_DeInit':
..\BSP\Src\DTH11.c:66:10: warning: comparison between pointer and integer
   66 |   if(gpio==GPIOA){
      |          ^~
..\BSP\Src\DTH11.c:69:15: warning: comparison between pointer and integer
   69 |   else if(gpio==GPIOB){
      |               ^~
..\BSP\Src\DTH11.c:72:15: warning: comparison between pointer and integer
   72 |   else if(gpio==GPIOC){
      |               ^~
..\BSP\Src\DTH11.c:75:15: warning: comparison between pointer and integer
   75 |   else if(gpio==GPIOD){
      |               ^~
..\BSP\Src\DTH11.c:78:15: warning: comparison between pointer and integer
   78 |   else if(gpio==GPIOE){
      |               ^~
..\BSP\Src\DTH11.c:81:15: warning: comparison between pointer and integer
   81 |   else if(gpio==GPIOF){
      |               ^~
..\BSP\Src\DTH11.c:84:15: warning: comparison between pointer and integer
   84 |   else if(gpio==GPIOG){
      |               ^~
..\BSP\Src\DTH11.c:87:15: warning: comparison between pointer and integer
   87 |   else if(gpio==GPIOH){
      |               ^~
..\BSP\Src\DTH11.c:90:15: warning: comparison between pointer and integer
   90 |   else if(gpio==GPIOI){
      |               ^~
..\BSP\Src\DTH11.c:93:15: warning: comparison between pointer and integer
   93 |   else if(gpio==GPIOJ){
      |               ^~
..\BSP\Src\DTH11.c:96:15: warning: comparison between pointer and integer
   96 |   else if(gpio==GPIOK){
      |               ^~
..\BSP\Src\DTH11.c: In function 'dht11_Start':
..\BSP\Src\DTH11.c:107:25: warning: passing argument 1 of 'HAL_GPIO_WritePin' makes pointer from integer without a cast [-Wint-conversion]
  107 |  HAL_GPIO_WritePin(dht11->dthport, dht11->dthpin, GPIO_PIN_RESET);
      |                    ~~~~~^~~~~~~~~
      |                         |
      |                         uint8_t {aka unsigned char}
In file included from ../Core/Inc/stm32f4xx_hal_conf.h:279,
                 from ../Drivers/STM32F4xx_HAL_Driver/Inc/stm32f4xx_hal.h:29,
                 from ../Core/Inc/main.h:30,
                 from ..\BSP\Src\DTH11.c:8:
../Drivers/STM32F4xx_HAL_Driver/Inc/stm32f4xx_hal_gpio.h:235:38: note: expected 'GPIO_TypeDef *' but argument is of type 'uint8_t' {aka 'unsigned char'}
  235 | void HAL_GPIO_WritePin(GPIO_TypeDef* GPIOx, uint16_t GPIO_Pin, GPIO_PinState PinState);
      |                        ~~~~~~~~~~~~~~^~~~~
..\BSP\Src\DTH11.c:109:25: warning: passing argument 1 of 'HAL_GPIO_WritePin' makes pointer from integer without a cast [-Wint-conversion]
  109 |  HAL_GPIO_WritePin(dht11->dthport, dht11->dthpin, GPIO_PIN_SET);
      |                    ~~~~~^~~~~~~~~
      |                         |
      |                         uint8_t {aka unsigned char}
In file included from ../Core/Inc/stm32f4xx_hal_conf.h:279,
                 from ../Drivers/STM32F4xx_HAL_Driver/Inc/stm32f4xx_hal.h:29,
                 from ../Core/Inc/main.h:30,
                 from ..\BSP\Src\DTH11.c:8:
../Drivers/STM32F4xx_HAL_Driver/Inc/stm32f4xx_hal_gpio.h:235:38: note: expected 'GPIO_TypeDef *' but argument is of type 'uint8_t' {aka 'unsigned char'}
  235 | void HAL_GPIO_WritePin(GPIO_TypeDef* GPIOx, uint16_t GPIO_Pin, GPIO_PinState PinState);
      |                        ~~~~~~~~~~~~~~^~~~~
..\BSP\Src\DTH11.c: In function 'checkdht11status':
..\BSP\Src\DTH11.c:120:29: warning: passing argument 1 of 'HAL_GPIO_ReadPin' makes pointer from integer without a cast [-Wint-conversion]
  120 |  if(!(HAL_GPIO_ReadPin(dht11->dthport, dht11->dthpin)))
      |                        ~~~~~^~~~~~~~~
      |                             |
      |                             uint8_t {aka unsigned char}
In file included from ../Core/Inc/stm32f4xx_hal_conf.h:279,
                 from ../Drivers/STM32F4xx_HAL_Driver/Inc/stm32f4xx_hal.h:29,
                 from ../Core/Inc/main.h:30,
                 from ..\BSP\Src\DTH11.c:8:
../Drivers/STM32F4xx_HAL_Driver/Inc/stm32f4xx_hal_gpio.h:234:46: note: expected 'GPIO_TypeDef *' but argument is of type 'uint8_t' {aka 'unsigned char'}
  234 | GPIO_PinState HAL_GPIO_ReadPin(GPIO_TypeDef* GPIOx, uint16_t GPIO_Pin);
      |                                ~~~~~~~~~~~~~~^~~~~
..\BSP\Src\DTH11.c:123:28: warning: passing argument 1 of 'HAL_GPIO_ReadPin' makes pointer from integer without a cast [-Wint-conversion]
  123 |   if(HAL_GPIO_ReadPin(dht11->dthport, dht11->dthpin)){
      |                       ~~~~~^~~~~~~~~
      |                            |
      |                            uint8_t {aka unsigned char}
In file included from ../Core/Inc/stm32f4xx_hal_conf.h:279,
                 from ../Drivers/STM32F4xx_HAL_Driver/Inc/stm32f4xx_hal.h:29,
                 from ../Core/Inc/main.h:30,
                 from ..\BSP\Src\DTH11.c:8:
../Drivers/STM32F4xx_HAL_Driver/Inc/stm32f4xx_hal_gpio.h:234:46: note: expected 'GPIO_TypeDef *' but argument is of type 'uint8_t' {aka 'unsigned char'}
  234 | GPIO_PinState HAL_GPIO_ReadPin(GPIO_TypeDef* GPIOx, uint16_t GPIO_Pin);
      |                                ~~~~~~~~~~~~~~^~~~~
..\BSP\Src\DTH11.c:124:14: error: request for member 'status' in something not a structure or union
  124 |    dht11_data.status=HAL_OK;
      |              ^
..\BSP\Src\DTH11.c:127:14: error: request for member 'status' in something not a structure or union
  127 |    dht11_data.status=HAL_ERROR;
      |              ^
..\BSP\Src\DTH11.c:130:30: warning: passing argument 1 of 'HAL_GPIO_ReadPin' makes pointer from integer without a cast [-Wint-conversion]
  130 |  while(HAL_GPIO_ReadPin(dht11->dthport, dht11->dthpin)); //wait for pin to go low
      |                         ~~~~~^~~~~~~~~
      |                              |
      |                              uint8_t {aka unsigned char}
In file included from ../Core/Inc/stm32f4xx_hal_conf.h:279,
                 from ../Drivers/STM32F4xx_HAL_Driver/Inc/stm32f4xx_hal.h:29,
                 from ../Core/Inc/main.h:30,
                 from ..\BSP\Src\DTH11.c:8:
../Drivers/STM32F4xx_HAL_Driver/Inc/stm32f4xx_hal_gpio.h:234:46: note: expected 'GPIO_TypeDef *' but argument is of type 'uint8_t' {aka 'unsigned char'}
  234 | GPIO_PinState HAL_GPIO_ReadPin(GPIO_TypeDef* GPIOx, uint16_t GPIO_Pin);
      |                                ~~~~~~~~~~~~~~^~~~~
..\BSP\Src\DTH11.c:132:19: error: request for member 'status' in something not a structure or union
  132 |  return dht11_data.status;
      |                   ^
..\BSP\Src\DTH11.c: In function 'dht11_get_humidity':
..\BSP\Src\DTH11.c:139:29: error: request for member 'humidity_byte1' in something not a structure or union
  139 |   Humiditytemp=(((dht11_data.humidity_byte1)<<8)|(dht11_data.humidity_byte2));
      |                             ^
..\BSP\Src\DTH11.c:139:61: error: request for member 'humidity_byte2' in something not a structure or union
  139 |   Humiditytemp=(((dht11_data.humidity_byte1)<<8)|(dht11_data.humidity_byte2));
      |                                                             ^
..\BSP\Src\DTH11.c: In function 'dht11_get_temperature':
..\BSP\Src\DTH11.c:149:32: error: request for member 'temperature_byte1' in something not a structure or union
  149 |   Temperaturetemp=(((dht11_data.temperature_byte1)<<8)|(dht11_data.temperature_byte2));
      |                                ^
..\BSP\Src\DTH11.c:149:67: error: request for member 'temperature_byte2' in something not a structure or union
  149 |   Temperaturetemp=(((dht11_data.temperature_byte1)<<8)|(dht11_data.temperature_byte2));
      |                                                                   ^
..\BSP\Src\DTH11.c: In function 'dht11_get_checksum':
..\BSP\Src\DTH11.c:157:20: error: request for member 'checksum' in something not a structure or union
  157 |   return dht11_data.checksum;
      |                    ^
..\BSP\Src\DTH11.c: At top level:
..\BSP\Src\DTH11.c:160:8: warning: return type defaults to 'int' [-Wimplicit-int]
  160 | static SetPin_as_Input(dht11_typedef_t* dht11){
      |        ^~~~~~~~~~~~~~~
..\BSP\Src\DTH11.c: In function 'SetPin_as_Input':
..\BSP\Src\DTH11.c:166:21: warning: passing argument 1 of 'HAL_GPIO_Init' makes pointer from integer without a cast [-Wint-conversion]
  166 |  HAL_GPIO_Init(dht11->dthport, &Gpiodht11);
      |                ~~~~~^~~~~~~~~
      |                     |
      |                     uint8_t {aka unsigned char}
In file included from ../Core/Inc/stm32f4xx_hal_conf.h:279,
                 from ../Drivers/STM32F4xx_HAL_Driver/Inc/stm32f4xx_hal.h:29,
                 from ../Core/Inc/main.h:30,
                 from ..\BSP\Src\DTH11.c:8:
../Drivers/STM32F4xx_HAL_Driver/Inc/stm32f4xx_hal_gpio.h:224:36: note: expected 'GPIO_TypeDef *' but argument is of type 'uint8_t' {aka 'unsigned char'}
  224 | void  HAL_GPIO_Init(GPIO_TypeDef  *GPIOx, GPIO_InitTypeDef *GPIO_Init);
      |                     ~~~~~~~~~~~~~~~^~~~~
..\BSP\Src\DTH11.c: At top level:
..\BSP\Src\DTH11.c:169:8: warning: return type defaults to 'int' [-Wimplicit-int]
  169 | static SetPin_as_Output(dht11_typedef_t* dht11){
      |        ^~~~~~~~~~~~~~~~
..\BSP\Src\DTH11.c: In function 'SetPin_as_Output':
..\BSP\Src\DTH11.c:174:21: warning: passing argument 1 of 'HAL_GPIO_Init' makes pointer from integer without a cast [-Wint-conversion]
  174 |  HAL_GPIO_Init(dht11->dthport, &Gpiodht11);
      |                ~~~~~^~~~~~~~~
      |                     |
      |                     uint8_t {aka unsigned char}
In file included from ../Core/Inc/stm32f4xx_hal_conf.h:279,
                 from ../Drivers/STM32F4xx_HAL_Driver/Inc/stm32f4xx_hal.h:29,
                 from ../Core/Inc/main.h:30,
                 from ..\BSP\Src\DTH11.c:8:
../Drivers/STM32F4xx_HAL_Driver/Inc/stm32f4xx_hal_gpio.h:224:36: note: expected 'GPIO_TypeDef *' but argument is of type 'uint8_t' {aka 'unsigned char'}
  224 | void  HAL_GPIO_Init(GPIO_TypeDef  *GPIOx, GPIO_InitTypeDef *GPIO_Init);
      |                     ~~~~~~~~~~~~~~~^~~~~
..\BSP\Src\DTH11.c: At top level:
..\BSP\Src\DTH11.c:177:16: error: conflicting types for 'dht11_read'
  177 | static uint8_t dht11_read(dht11_typedef_t* dht11){
      |                ^~~~~~~~~~
..\BSP\Src\DTH11.c:16:16: note: previous declaration of 'dht11_read' was here
   16 | static uint8_t dht11_read(void);    //Private function
      |                ^~~~~~~~~~
..\BSP\Src\DTH11.c: In function 'dht11_read':
..\BSP\Src\DTH11.c:182:12: error: request for member 'tempdata' in something not a structure or union
  182 |  dht11_data.tempdata=0;
      |            ^
..\BSP\Src\DTH11.c:184:33: warning: passing argument 1 of 'HAL_GPIO_ReadPin' makes pointer from integer without a cast [-Wint-conversion]
  184 |   while(!(HAL_GPIO_ReadPin(dht11->dthport, dht11->dthpin))); //wait for pin to go high
      |                            ~~~~~^~~~~~~~~
      |                                 |
      |                                 uint8_t {aka unsigned char}
In file included from ../Core/Inc/stm32f4xx_hal_conf.h:279,
                 from ../Drivers/STM32F4xx_HAL_Driver/Inc/stm32f4xx_hal.h:29,
                 from ../Core/Inc/main.h:30,
                 from ..\BSP\Src\DTH11.c:8:
../Drivers/STM32F4xx_HAL_Driver/Inc/stm32f4xx_hal_gpio.h:234:46: note: expected 'GPIO_TypeDef *' but argument is of type 'uint8_t' {aka 'unsigned char'}
  234 | GPIO_PinState HAL_GPIO_ReadPin(GPIO_TypeDef* GPIOx, uint16_t GPIO_Pin);
      |                                ~~~~~~~~~~~~~~^~~~~
..\BSP\Src\DTH11.c:186:30: warning: passing argument 1 of 'HAL_GPIO_ReadPin' makes pointer from integer without a cast [-Wint-conversion]
  186 |   if(!(HAL_GPIO_ReadPin(dht11->dthport, dht11->dthpin))){
      |                         ~~~~~^~~~~~~~~
      |                              |
      |                              uint8_t {aka unsigned char}
In file included from ../Core/Inc/stm32f4xx_hal_conf.h:279,
                 from ../Drivers/STM32F4xx_HAL_Driver/Inc/stm32f4xx_hal.h:29,
                 from ../Core/Inc/main.h:30,
                 from ..\BSP\Src\DTH11.c:8:
../Drivers/STM32F4xx_HAL_Driver/Inc/stm32f4xx_hal_gpio.h:234:46: note: expected 'GPIO_TypeDef *' but argument is of type 'uint8_t' {aka 'unsigned char'}
  234 | GPIO_PinState HAL_GPIO_ReadPin(GPIO_TypeDef* GPIOx, uint16_t GPIO_Pin);
      |                                ~~~~~~~~~~~~~~^~~~~
..\BSP\Src\DTH11.c:187:15: error: request for member 'tempdata' in something not a structure or union
  187 |    (dht11_data.tempdata)&=~(1<<(7-i)); //write zero
      |               ^
..\BSP\Src\DTH11.c:190:15: error: request for member 'tempdata' in something not a structure or union
  190 |    (dht11_data.tempdata)|=(1<<(7-i)); //write one
      |               ^
..\BSP\Src\DTH11.c:192:32: warning: passing argument 1 of 'HAL_GPIO_ReadPin' makes pointer from integer without a cast [-Wint-conversion]
  192 |   while((HAL_GPIO_ReadPin(dht11->dthport, dht11->dthpin))); //wait for pin to go low
      |                           ~~~~~^~~~~~~~~
      |                                |
      |                                uint8_t {aka unsigned char}
In file included from ../Core/Inc/stm32f4xx_hal_conf.h:279,
                 from ../Drivers/STM32F4xx_HAL_Driver/Inc/stm32f4xx_hal.h:29,
                 from ../Core/Inc/main.h:30,
                 from ..\BSP\Src\DTH11.c:8:
../Drivers/STM32F4xx_HAL_Driver/Inc/stm32f4xx_hal_gpio.h:234:46: note: expected 'GPIO_TypeDef *' but argument is of type 'uint8_t' {aka 'unsigned char'}
  234 | GPIO_PinState HAL_GPIO_ReadPin(GPIO_TypeDef* GPIOx, uint16_t GPIO_Pin);
      |                                ~~~~~~~~~~~~~~^~~~~
..\BSP\Src\DTH11.c:195:19: error: request for member 'tempdata' in something not a structure or union
  195 |  return dht11_data.tempdata;
      |                   ^
..\BSP\Src\DTH11.c: At top level:
..\BSP\Src\DTH11.c:198:8: warning: return type defaults to 'int' [-Wimplicit-int]
  198 | static gather_data(void){
      |        ^~~~~~~~~~~
..\BSP\Src\DTH11.c: In function 'gather_data':
..\BSP\Src\DTH11.c:199:12: error: request for member 'humidity_byte1' in something not a structure or union
  199 |  dht11_data.humidity_byte1=dht11_read(dht11);
      |            ^
..\BSP\Src\DTH11.c:199:39: error: 'dht11' undeclared (first use in this function)
  199 |  dht11_data.humidity_byte1=dht11_read(dht11);
      |                                       ^~~~~
..\BSP\Src\DTH11.c:199:39: note: each undeclared identifier is reported only once for each function it appears in
..\BSP\Src\DTH11.c:200:12: error: request for member 'humidity_byte2' in something not a structure or union
  200 |  dht11_data.humidity_byte2=dht11_read(dht11);
      |            ^
..\BSP\Src\DTH11.c:201:12: error: request for member 'temperature_byte1' in something not a structure or union
  201 |  dht11_data.temperature_byte1=dht11_read(dht11);
      |            ^
..\BSP\Src\DTH11.c:202:12: error: request for member 'temperature_byte2' in something not a structure or union
  202 |  dht11_data.temperature_byte2=dht11_read(dht11);
      |            ^
..\BSP\Src\DTH11.c:203:12: error: request for member 'checksum' in something not a structure or union
  203 |  dht11_data.checksum=dht11_read(dht11);
      |            ^
..\BSP\Src\DTH11.c: In function 'delayus':
..\BSP\Src\DTH11.c:14:1: warning: control reaches end of non-void function [-Wreturn-type]
   14 | }
      | ^
..\BSP\Src\DTH11.c: In function 'checkdht11status':
..\BSP\Src\DTH11.c:133:1: warning: control reaches end of non-void function [-Wreturn-type]
  133 | }
      | ^
..\BSP\Src\DTH11.c: In function 'dht11_get_checksum':
..\BSP\Src\DTH11.c:158:1: warning: control reaches end of non-void function [-Wreturn-type]
  158 | }
      | ^
..\BSP\Src\DTH11.c: In function 'SetPin_as_Input':
..\BSP\Src\DTH11.c:167:1: warning: control reaches end of non-void function [-Wreturn-type]
  167 | }
      | ^
..\BSP\Src\DTH11.c: In function 'SetPin_as_Output':
..\BSP\Src\DTH11.c:175:1: warning: control reaches end of non-void function [-Wreturn-type]
  175 | }
      | ^
..\BSP\Src\DTH11.c: In function 'dht11_read':
..\BSP\Src\DTH11.c:196:1: warning: control reaches end of non-void function [-Wreturn-type]
  196 | }
      | ^
..\BSP\Src\DTH11.c: In function 'gather_data':
..\BSP\Src\DTH11.c:204:1: warning: control reaches end of non-void function [-Wreturn-type]
  204 | }
      | ^
In file included from ..\BSP\Src\DTH11.c:9:
At top level:
C:\Users\pc\Documents\GitHub\BSP-Libraries\Development_and_Testing\BSP\Inc/DTH11.h:29:2: warning: 'dht11_private_t' defined but not used [-Wunused-variable]
   29 | }dht11_private_t;
      |  ^~~~~~~~~~~~~~~
